../../Drivers/STM32N6xx_HAL_Driver/Inc/stm32n6xx_ll_bus.h:1407:22:LL_AHB4_GRP1_EnableClock	1
../../Drivers/STM32N6xx_HAL_Driver/Inc/stm32n6xx_ll_bus.h:2739:22:LL_APB1_GRP2_EnableClock	1
../Core/Src/main.c:84:5:main	6
../Core/Src/main.c:156:6:SystemClock_Config	9
../Core/Src/main.c:258:6:PeriphCommonClock_Config	2
../Core/Src/main.c:277:13:MX_MDF1_Init	2
../Core/Src/main.c:334:13:MX_SAI1_Init	3
../Core/Src/main.c:406:13:MX_UCPD1_Init	1
../Core/Src/main.c:430:13:MX_USART1_UART_Init	5
../Core/Src/main.c:478:13:MX_USB1_OTG_HS_HCD_Init	1
../Core/Src/main.c:499:13:MX_XSPI1_Init	3
../Core/Src/main.c:550:13:MX_XSPI2_Init	3
../Core/Src/main.c:601:13:MX_GPIO_Init	1
../Core/Src/main.c:728:6:Error_Handler	1
