../../Drivers/STM32N6xx_HAL_Driver/Inc/stm32n6xx_ll_bus.h:1407:22:LL_AHB4_GRP1_EnableClock	24	static
../../Drivers/STM32N6xx_HAL_Driver/Inc/stm32n6xx_ll_bus.h:2739:22:LL_APB1_GRP2_EnableClock	24	static
../Core/Src/main.c:84:5:main	24	static,ignoring_inline_asm
../Core/Src/main.c:156:6:SystemClock_Config	224	static
../Core/Src/main.c:258:6:PeriphCommonClock_Config	408	static
../Core/Src/main.c:277:13:MX_MDF1_Init	8	static
../Core/Src/main.c:334:13:MX_SAI1_Init	8	static
../Core/Src/main.c:406:13:MX_UCPD1_Init	8	static
../Core/Src/main.c:430:13:MX_USART1_UART_Init	8	static
../Core/Src/main.c:478:13:MX_USB1_OTG_HS_HCD_Init	4	static
../Core/Src/main.c:499:13:MX_XSPI1_Init	24	static
../Core/Src/main.c:550:13:MX_XSPI2_Init	24	static
../Core/Src/main.c:601:13:MX_GPIO_Init	32	static
../Core/Src/main.c:728:6:Error_Handler	4	static,ignoring_inline_asm
