C:/Users/daich/work/tron/mtk3bsp2_stm32n657/Appli/mtk3_bsp2/include/tk/sysdepend/stm32_cube/cpu/core/armv8m/syslib.h:75:13:out_w	16	static
C:/Users/daich/work/tron/mtk3bsp2_stm32n657/Appli/mtk3_bsp2/include/tk/sysdepend/stm32_cube/cpu/core/armv8m/syslib.h:92:11:in_w	16	static
C:/Users/daich/work/tron/mtk3bsp2_stm32n657/Appli/mtk3_bsp2/sysdepend/stm32_cube/cpu/core/armv8m/sysdepend.h:86:13:knl_isb	4	static,ignoring_inline_asm
C:/Users/daich/work/tron/mtk3bsp2_stm32n657/Appli/mtk3_bsp2/sysdepend/stm32_cube/cpu/core/armv8m/sysdepend.h:91:13:knl_dsb	4	static,ignoring_inline_asm
../mtk3_bsp2/sysdepend/stm32_cube/cpu/core/armv8m/cache.c:35:13:knl_enable_icache	16	static
../mtk3_bsp2/sysdepend/stm32_cube/cpu/core/armv8m/cache.c:52:13:knl_disable_icache	16	static
../mtk3_bsp2/sysdepend/stm32_cube/cpu/core/armv8m/cache.c:66:13:knl_invalidate_icache	8	static
../mtk3_bsp2/sysdepend/stm32_cube/cpu/core/armv8m/cache.c:78:13:knl_enable_dcache	24	static
../mtk3_bsp2/sysdepend/stm32_cube/cpu/core/armv8m/cache.c:107:13:knl_disable_dcache	56	static
../mtk3_bsp2/sysdepend/stm32_cube/cpu/core/armv8m/cache.c:141:13:knl_invalidate_dcache	24	static
../mtk3_bsp2/sysdepend/stm32_cube/cpu/core/armv8m/cache.c:165:13:knl_clean_dcache	24	static
../mtk3_bsp2/sysdepend/stm32_cube/cpu/core/armv8m/cache.c:189:13:knl_clean_inval_dcache	24	static
../mtk3_bsp2/sysdepend/stm32_cube/cpu/core/armv8m/cache.c:213:13:knl_invalidate_dcache_adr	24	static
../mtk3_bsp2/sysdepend/stm32_cube/cpu/core/armv8m/cache.c:233:13:knl_clean_dcache_adr	24	static
../mtk3_bsp2/sysdepend/stm32_cube/cpu/core/armv8m/cache.c:253:13:knl_clean_inval_dcache_adr	24	static
