../mtk3_bsp2/sysdepend/stm32_cube/cpu/core/armv8m/exc_hdr.c:36:23:knl_nmi_handler	8	static
../mtk3_bsp2/sysdepend/stm32_cube/cpu/core/armv8m/exc_hdr.c:46:6:knl_hardfault_handler	24	static
../mtk3_bsp2/sysdepend/stm32_cube/cpu/core/armv8m/exc_hdr.c:73:23:knl_memmanage_handler	8	static
../mtk3_bsp2/sysdepend/stm32_cube/cpu/core/armv8m/exc_hdr.c:82:23:knl_busfault_handler	8	static
../mtk3_bsp2/sysdepend/stm32_cube/cpu/core/armv8m/exc_hdr.c:92:13:knl_usagefault_handler	8	static
../mtk3_bsp2/sysdepend/stm32_cube/cpu/core/armv8m/exc_hdr.c:101:23:knl_svcall_handler	8	static
../mtk3_bsp2/sysdepend/stm32_cube/cpu/core/armv8m/exc_hdr.c:110:23:knl_debugmon_handler	8	static
../mtk3_bsp2/sysdepend/stm32_cube/cpu/core/armv8m/exc_hdr.c:119:23:knl_default_handler	16	static
