C:/Users/daich/work/tron/mtk3bsp2_stm32n657/Appli/mtk3_bsp2/include/tk/sysdepend/stm32_cube/cpu/core/armv8m/syslib.h:92:11:in_w	16	static
C:/Users/daich/work/tron/mtk3bsp2_stm32n657/Appli/mtk3_bsp2/sysdepend/stm32_cube/cpu/core/armv8m/cpu_status.h:69:13:knl_EnterTaskIndependent	4	static
C:/Users/daich/work/tron/mtk3bsp2_stm32n657/Appli/mtk3_bsp2/sysdepend/stm32_cube/cpu/core/armv8m/cpu_status.h:73:13:knl_LeaveTaskIndependent	4	static
C:/Users/daich/work/tron/mtk3bsp2_stm32n657/Appli/mtk3_bsp2/sysdepend/stm32_cube/cpu/core/armv8m/sysdepend.h:62:11:knl_get_ipsr	16	static,ignoring_inline_asm
C:/Users/daich/work/tron/mtk3bsp2_stm32n657/Appli/mtk3_bsp2/sysdepend/stm32_cube/cpu/core/armv8m/sysdepend.h:86:13:knl_isb	4	static,ignoring_inline_asm
C:/Users/daich/work/tron/mtk3bsp2_stm32n657/Appli/mtk3_bsp2/sysdepend/stm32_cube/cpu/core/armv8m/sysdepend.h:91:13:knl_dsb	4	static,ignoring_inline_asm
C:/Users/daich/work/tron/mtk3bsp2_stm32n657/Appli/mtk3_bsp2/sysdepend/stm32_cube/cpu/core/armv8m/sysdepend.h:119:13:knl_check_icache	8	static
C:/Users/daich/work/tron/mtk3bsp2_stm32n657/Appli/mtk3_bsp2/sysdepend/stm32_cube/cpu/core/armv8m/sysdepend.h:124:13:knl_check_dcache	8	static
../mtk3_bsp2/sysdepend/stm32_cube/cpu/core/armv8m/interrupt.c:33:13:knl_hll_inthdr	16	static
../mtk3_bsp2/sysdepend/stm32_cube/cpu/core/armv8m/interrupt.c:52:13:knl_systim_inthdr	8	static
../mtk3_bsp2/sysdepend/stm32_cube/cpu/core/armv8m/interrupt.c:65:11:knl_define_inthdr	32	static
../mtk3_bsp2/sysdepend/stm32_cube/cpu/core/armv8m/interrupt.c:98:13:knl_return_inthdr	4	static
../mtk3_bsp2/sysdepend/stm32_cube/cpu/core/armv8m/interrupt.c:108:11:knl_init_interrupt	8	static
