C:/Users/daich/work/tron/mtk3bsp2_stm32n657/Appli/mtk3_bsp2/include/tk/sysdepend/stm32_cube/cpu/core/armv8m/syslib.h:75:13:out_w	16	static
C:/Users/daich/work/tron/mtk3bsp2_stm32n657/Appli/mtk3_bsp2/include/tk/sysdepend/stm32_cube/cpu/core/armv8m/syslib.h:92:11:in_w	16	static
C:/Users/daich/work/tron/mtk3bsp2_stm32n657/Appli/mtk3_bsp2/sysdepend/stm32_cube/cpu/core/armv8m/sysdepend.h:86:13:knl_isb	4	static,ignoring_inline_asm
C:/Users/daich/work/tron/mtk3bsp2_stm32n657/Appli/mtk3_bsp2/sysdepend/stm32_cube/cpu/core/armv8m/sysdepend.h:91:13:knl_dsb	4	static,ignoring_inline_asm
C:/Users/daich/work/tron/mtk3bsp2_stm32n657/Appli/mtk3_bsp2/sysdepend/stm32_cube/cpu/core/armv8m/sysdepend.h:119:13:knl_check_icache	8	static
C:/Users/daich/work/tron/mtk3bsp2_stm32n657/Appli/mtk3_bsp2/sysdepend/stm32_cube/cpu/core/armv8m/sysdepend.h:124:13:knl_check_dcache	8	static
../mtk3_bsp2/sysdepend/stm32_cube/cpu/core/armv8m/sys_start.c:47:13:knl_start_mtkernel	24	static,ignoring_inline_asm
