../../Drivers/STM32N6xx_HAL_Driver/Inc/stm32n6xx_ll_bus.h:1165:22:LL_AHB3_GRP1_EnableClock	1
../../Drivers/STM32N6xx_HAL_Driver/Inc/stm32n6xx_ll_bus.h:1407:22:LL_AHB4_GRP1_EnableClock	1
../../Drivers/STM32N6xx_HAL_Driver/Inc/stm32n6xx_ll_bus.h:2273:22:LL_APB1_GRP1_EnableClock	1
../Core/Src/main.c:79:13:MX_I2C2_Init	4
../Core/Src/main.c:125:5:main	5
../Core/Src/main.c:178:6:PeriphCommonClock_Config	2
../Core/Src/main.c:197:13:MX_ADC1_Init	4
../Core/Src/main.c:265:13:MX_ADC2_Init	3
../Core/Src/main.c:323:13:MX_I2C1_Init	4
../Core/Src/main.c:371:13:MX_GPIO_Init	1
../Core/Src/main.c:418:6:Error_Handler	1
