../../Drivers/STM32N6xx_HAL_Driver/Inc/stm32n6xx_ll_bus.h:1165:22:LL_AHB3_GRP1_EnableClock	24	static
../../Drivers/STM32N6xx_HAL_Driver/Inc/stm32n6xx_ll_bus.h:1407:22:LL_AHB4_GRP1_EnableClock	24	static
../Core/Src/main.c:70:5:main	24	static,ignoring_inline_asm
../Core/Src/main.c:121:6:PeriphCommonClock_Config	408	static
../Core/Src/main.c:140:13:MX_ADC1_Init	56	static
../Core/Src/main.c:208:13:MX_ADC2_Init	40	static
../Core/Src/main.c:266:13:MX_I2C1_Init	8	static
../Core/Src/main.c:314:13:MX_GPIO_Init	32	static
../Core/Src/main.c:361:6:Error_Handler	4	static,ignoring_inline_asm
