../Core/Src/stm32n6xx_it.c:71:6:NMI_Handler	4	static
../Core/Src/stm32n6xx_it.c:86:6:HardFault_Handler	4	static
../Core/Src/stm32n6xx_it.c:101:6:MemManage_Handler	4	static
../Core/Src/stm32n6xx_it.c:116:6:BusFault_Handler	4	static
../Core/Src/stm32n6xx_it.c:131:6:UsageFault_Handler	4	static
../Core/Src/stm32n6xx_it.c:146:6:SecureFault_Handler	4	static
../Core/Src/stm32n6xx_it.c:161:6:SVC_Handler	4	static
../Core/Src/stm32n6xx_it.c:174:6:DebugMon_Handler	4	static
../Core/Src/stm32n6xx_it.c:187:6:PendSV_Handler	4	static
../Core/Src/stm32n6xx_it.c:200:6:SysTick_Handler	8	static
../Core/Src/stm32n6xx_it.c:221:6:ADC1_2_IRQHandler	8	static
../Core/Src/stm32n6xx_it.c:236:6:I2C1_EV_IRQHandler	8	static
../Core/Src/stm32n6xx_it.c:250:6:I2C1_ER_IRQHandler	8	static
